== initial
UIView (0,0,320,460)
  UIView (0,0,320,460)
    UIView (8,8,304,444)
      UIView (0,0,304,10)
        UIView (0,0,304,10)
      UIView (0,16,304,12)
        UIView (0,0,40,12)
          UIView (0,0,40,12)
        UIView (44,6,248,0)
        UIView (296,0,8,12)
          UIView (0,0,8,12)
      UIView (0,34,304,12)
        UIView (0,0,40,12)
          UIView (0,0,40,12)
        UIView (44,6,240,0)
        UIView (288,0,16,12)
          UIView (0,0,16,12)
      UIView (152,52,0,392)
== after state change
UIView (0,0,320,460)
  UIView (0,0,320,460)
    UIView (8,8,304,444)
      UIView (0,0,304,17)
        UIView (0,0,304,17)
      UIView (0,23,304,12)
        UIView (0,0,120,12)
          UIView (0,0,120,12)
        UIView (124,6,168,0)
        UIView (296,0,8,12)
          UIView (0,0,8,12)
      UIView (0,41,304,12)
        UIView (0,0,120,12)
          UIView (0,0,120,12)
        UIView (124,6,160,0)
        UIView (288,0,16,12)
          UIView (0,0,16,12)
      UIView (0,59,304,12)
        UIView (0,0,120,12)
          UIView (0,0,120,12)
        UIView (124,6,152,0)
        UIView (280,0,24,12)
          UIView (0,0,24,12)
      UIView (0,77,304,20)
        UIView (0,0,304,20)
      UIView (152,103,0,341)
body evaluations: 2
update loop: 200 updates in 0.570 s, 2.85 ms average, 3.27 ms worst
build+layout of the screen: 6.1 ms average
ok
